// Jest Snapshot v1, https://goo.gl/fbAQLP

exports[`should login a user 1`] = `
{
  "userLogin": {
    "me": {
      "id": "FROZEN-ID",
    },
  },
}
`;
