// Jest Snapshot v1, https://goo.gl/fbAQLP

exports[`should return 200 and return logged user 1`] = `
{
  "me": {
    "email": "user0@example.com",
    "id": "FROZEN-ID",
    "username": "user#0",
  },
}
`;
